Microchip MPLAB XC8 Compiler V2.31

Linker command line:

-W-3 --edf=C:\XC8_Compiler\pic\dat\en_msgs.txt -cn \
  -h+dist/default/production\Homework6.X.production.sym \
  --cmf=dist/default/production\Homework6.X.production.cmf -z -Q18F4331 \
  -oC:\Users\partw\AppData\Local\Temp\s3lc.2 --defsym=__MPLAB_BUILD=1 \
  -Mdist/default/production/Homework6.X.production.map -E1 \
  -ver=XC8 Compiler --acfsm=1493 -ASTACK=060h-02FFh -pstack=STACK \
  -ACODE=00h-01FFFh -ACONST=00h-01FFFh -ASMALLCONST=0300h-03FFhx29 \
  -AMEDIUMCONST=0300h-01FFFh -ACOMRAM=01h-05Fh -AABS1=00h-02FFh \
  -ABIGRAM=01h-02FFh -ARAM=060h-0FFh,0100h-01FFhx2 -ABANK0=060h-0FFh \
  -ABANK1=0100h-01FFh -ABANK2=0200h-02FFh -ASFR=0F60h-0FFFh \
  -ACONFIG=0300000h-030000Dh -AIDLOC=0200000h-0200007h \
  -AEEDATA=0F00000h-0F000FFh -peeprom_data=EEDATA \
  -preset_vec=00h,intcode=08h,intcodelo=018h,powerup,init -pramtop=0300h \
  -psmallconst=SMALLCONST -pmediumconst=MEDIUMCONST -pconst=CONST \
  -AFARRAM=00h-00h \
  -prdata=COMRAM,nvrram=COMRAM,nvbit=COMRAM,rbss=COMRAM,rbit=COMRAM \
  -pfarbss=FARRAM,fardata=FARRAM,nvFARRAM=FARRAM \
  -pintsave_regs=BIGRAM,bigbss=BIGRAM,bigdata=BIGRAM -pbss=RAM \
  -pidata=CODE,irdata=CODE,ibigdata=CODE,ifardata=CODE -prparam=COMRAM \
  C:\Users\partw\AppData\Local\Temp\s3lc.o \
  dist/default/production\Homework6.X.production.o 

Object code version is 3.11

Machine type is 18F4331



                Name                               Link     Load   Length Selector   Space Scale
C:\Users\partw\AppData\Local\Temp\s3lc.o
                idloc                            200000   200000        8        0       5
                config                           300000   300000        E        0       4
                init                                 2A       2A        4        C       0
                reset_vec                             0        0        4        0       0
dist/default/production\Homework6.X.production.o
                intcodelo                            18       18       12        C       0
                intcode                               8        8        6        4       0
                idloc                            200000   200000        8        0       5
                config                           300000   300000        E        0       4
                temp                                  7        7        1        1       1
                intcode_body                        12E      12E       40        C       0
                text0                                2E       2E      100        C       0
                cstackCOMRAM                          5        5        2        1       1
                dataCOMRAM                            3        3        2        1       1
                bssCOMRAM                             1        1        2        1       1
                cinit                               16E      16E       26        C       0
                idataCOMRAM                         194      194        2        C       0

TOTAL           Name                               Link     Load   Length     Space
        CLASS   STACK          

        CLASS   CODE           
                intcodelo                            18       18       12         0
                intcode                               8        8        6         0
                init                                 2A       2A        4         0
                reset_vec                             0        0        4         0
                intcode_body                        12E      12E       40         0
                text0                                2E       2E      100         0
                cinit                               16E      16E       26         0
                idataCOMRAM                         194      194        2         0

        CLASS   CONST          

        CLASS   SMALLCONST     

        CLASS   MEDIUMCONST    

        CLASS   COMRAM         
                temp                                  7        7        1         1
                cstackCOMRAM                          5        5        2         1
                dataCOMRAM                            3        3        2         1
                bssCOMRAM                             1        1        2         1

        CLASS   ABS1           

        CLASS   BIGRAM         

        CLASS   RAM            

        CLASS   BANK0          

        CLASS   BANK1          

        CLASS   BANK2          

        CLASS   SFR            

        CLASS   CONFIG         
                config                           300000   300000        E         4

        CLASS   IDLOC          
                idloc                            200000   200000        8         5

        CLASS   EEDATA         

        CLASS   FARRAM         



SEGMENTS        Name                           Load    Length   Top    Selector   Space  Class

                reset_vec                      000000  000004  000004         0       0  CODE    
                bssCOMRAM                      000001  000007  000008         1       1  COMRAM  
                intcode                        000008  000006  00000E         4       0  CODE    
                intcodelo                      000018  00017E  000196         C       0  CODE    


UNUSED ADDRESS RANGES

        Name                Unused          Largest block    Delta
        BANK0            000060-0000FF               A0
        BANK1            000100-0001FF              100
        BANK2            000200-0002FF              100
        BIGRAM           000008-0002FF              2F8
        CODE             000004-000007                4
                         00000E-000017                A
                         000196-001FFF             1E6A
        COMRAM           000008-00005F               58
        CONST            000004-000007                4
                         00000E-000017                A
                         000196-001FFF             1E6A
        EEDATA           F00000-F000FF              100
        MEDIUMCONST      000300-001FFF             1D00
        RAM              000060-0002FF              100
        SFR              000F60-000FFF               A0
        SMALLCONST       000300-001FFF              100
        STACK            000060-0002FF              2A0

                                  Symbol Table

_INTCON2bits             (abs)        000FF1
_INTCONbits              (abs)        000FF2
_LATB                    (abs)        000F8A
_LATBbits                (abs)        000F8A
_OSCCON                  (abs)        000FD3
_RCONbits                (abs)        000FD0
_T0CON                   (abs)        000FD5
_TMR0                    (abs)        000FD6
_TMR0IF                  (abs)        007F92
_TRISBbits               (abs)        000F93
__HRAM                   (abs)        000000
__Habs1                  abs1         000000
__Hbank0                 bank0        000000
__Hbank1                 bank1        000000
__Hbank2                 bank2        000000
__Hbigbss                bigbss       000000
__Hbigdata               bigdata      000000
__Hbigram                bigram       000000
__Hbss                   bss          000000
__HbssCOMRAM             bssCOMRAM    000000
__Hcinit                 cinit        000000
__Hclrtext               clrtext      000000
__Hcomram                comram       000000
__Hconfig                config       30000E
__Hconst                 const        000000
__HcstackCOMRAM          cstackCOMRAM 000000
__Hdata                  data         000000
__HdataCOMRAM            dataCOMRAM   000000
__Heeprom_data           eeprom_data  000000
__Hfarbss                farbss       000000
__Hfardata               fardata      000000
__Hibigdata              ibigdata     000000
__Hidata                 idata        000000
__HidataCOMRAM           idataCOMRAM  000000
__Hidloc                 idloc        200008
__Hifardata              ifardata     000000
__Hinit                  init         00002E
__Hintcode               intcode      00000E
__Hintcode_body          intcode_body 000000
__Hintcodelo             intcodelo    00002A
__Hintentry              intentry     000000
__Hintret                intret       000000
__Hintsave_regs          intsave_regs 000000
__Hirdata                irdata       000000
__Hmediumconst           mediumconst  000000
__HnvFARRAM              nvFARRAM     000000
__Hnvbit                 nvbit        000000
__Hnvrram                nvrram       000000
__Hparam                 rparam       000000
__Hpowerup               powerup      00002A
__Hram                   ram          000000
__Hramtop                ramtop       000300
__Hrbit                  rbit         000000
__Hrbss                  rbss         000000
__Hrdata                 rdata        000000
__Hreset_vec             reset_vec    000004
__Hrparam                rparam       000000
__Hsfr                   sfr          000000
__Hsmallconst            smallconst   000000
__Hspace_0               (abs)        000300
__Hspace_1               (abs)        000008
__Hspace_2               (abs)        000000
__Hspace_4               (abs)        60000E
__Hstack                 stack        000000
__Hstruct                struct       000000
__Htemp                  temp         000008
__Htext                  text         000000
__Htext0                 text0        000000
__LRAM                   (abs)        000001
__Labs1                  abs1         000000
__Lbank0                 bank0        000000
__Lbank1                 bank1        000000
__Lbank2                 bank2        000000
__Lbigbss                bigbss       000000
__Lbigdata               bigdata      000000
__Lbigram                bigram       000000
__Lbss                   bss          000000
__LbssCOMRAM             bssCOMRAM    000000
__Lcinit                 cinit        000000
__Lclrtext               clrtext      000000
__Lcomram                comram       000000
__Lconfig                config       000000
__Lconst                 const        000000
__LcstackCOMRAM          cstackCOMRAM 000000
__Ldata                  data         000000
__LdataCOMRAM            dataCOMRAM   000000
__Leeprom_data           eeprom_data  000000
__Lfarbss                farbss       000000
__Lfardata               fardata      000000
__Libigdata              ibigdata     000000
__Lidata                 idata        000000
__LidataCOMRAM           idataCOMRAM  000000
__Lidloc                 idloc        000000
__Lifardata              ifardata     000000
__Linit                  init         00002A
__Lintcode               intcode      000008
__Lintcode_body          intcode_body 000000
__Lintcodelo             intcodelo    000018
__Lintentry              intentry     000000
__Lintret                intret       000000
__Lintsave_regs          intsave_regs 000000
__Lirdata                irdata       000000
__Lmediumconst           mediumconst  000000
__LnvFARRAM              nvFARRAM     000000
__Lnvbit                 nvbit        000000
__Lnvrram                nvrram       000000
__Lparam                 rparam       000000
__Lpowerup               powerup      00002A
__Lram                   ram          000000
__Lramtop                ramtop       000300
__Lrbit                  rbit         000000
__Lrbss                  rbss         000000
__Lrdata                 rdata        000000
__Lreset_vec             reset_vec    000000
__Lrparam                rparam       000000
__Lsfr                   sfr          000000
__Lsmallconst            smallconst   000000
__Lspace_0               (abs)        000000
__Lspace_1               (abs)        000000
__Lspace_2               (abs)        000000
__Lspace_4               (abs)        000000
__Lstack                 stack        000000
__Lstruct                struct       000000
__Ltemp                  temp         000007
__Ltext                  text         000000
__Ltext0                 text0        000000
__S0                     (abs)        000196
__S1                     (abs)        000008
__S2                     (abs)        000000
__S4                     (abs)        000000
__S5                     (abs)        000000
___inthi_sp              stack        000000
___intlo_sp              stack        000000
___param_bank            (abs)        000000
___rparam_used           (abs)        000001
___sp                    stack        000000
__accesstop              (abs)        000060
__activetblptr           (abs)        000000
__end_of__initialization cinit        00018A
__end_of_high_isr        intcode_body 00016E
__end_of_low_isr         intcodelo    00002A
__end_of_main            text0        00012E
__initialization         cinit        00016E
__mediumconst            mediumconst  000000
__pbssCOMRAM             bssCOMRAM    000001
__pcinit                 cinit        00016E
__pcstackCOMRAM          cstackCOMRAM 000005
__pdataCOMRAM            dataCOMRAM   000003
__pidataCOMRAM           idataCOMRAM  000194
__pintcode               intcode      000008
__pintcode_body          intcode_body 00012E
__pintcodelo             intcodelo    000018
__ptext0                 text0        00002E
__ramtop                 ramtop       000300
__size_of_high_isr       (abs)        000000
__size_of_low_isr        (abs)        000000
__size_of_main           (abs)        000000
__smallconst             smallconst   000000
_count                   dataCOMRAM   000003
_flag                    bssCOMRAM    000001
_high_isr                intcode      000008
_low_isr                 intcodelo    000018
_main                    text0        00002E
btemp                    temp         000007
end_of_initialization    cinit        00018A
int$flags                temp         000007
int_func                 intcode_body 00012E
intlevel0                text         000000
intlevel1                text         000000
intlevel2                text         000000
intlevel3                text         000000
stackhi                  (abs)        0002FF
stacklo                  (abs)        000060
start                    init         00002A
start_initialization     cinit        00016E
ttemp5                   temp         000008
ttemp6                   temp         00000B
ttemp7                   temp         00000F
wtemp8                   temp         000008


FUNCTION INFORMATION:

 *************** function _main *****************
 Defined at:
		line 88 in file "homework6.c"
 Parameters:    Size  Location     Type
		None
 Auto vars:     Size  Location     Type
		None
 Return value:  Size  Location     Type
                  1    wreg      void 
 Registers used:
		wreg, status,2, status,0
 Tracked objects:
		On entry : 
		On exit  : 
		Unchanged: 
 Data sizes:     COMRAM   BANK0   BANK1   BANK2
      Params:         0       0       0       0
      Locals:         0       0       0       0
      Temps:          1       0       0       0
      Totals:         1       0       0       0
Total ram usage:        1 bytes
 Hardware stack levels required when called:    2
 This function calls:
		Nothing
 This function is called by:
		Startup code after reset
 This function uses a non-reentrant model


 *************** function _low_isr *****************
 Defined at:
		line 138 in file "homework6.c"
 Parameters:    Size  Location     Type
		None
 Auto vars:     Size  Location     Type
		None
 Return value:  Size  Location     Type
                  1    wreg      void 
 Registers used:
		None
 Tracked objects:
		On entry : 
		On exit  : 
		Unchanged: 
 Data sizes:     COMRAM   BANK0   BANK1   BANK2
      Params:         0       0       0       0
      Locals:         0       0       0       0
      Temps:          1       0       0       0
      Totals:         1       0       0       0
Total ram usage:        1 bytes
 Hardware stack levels used:    1
 Hardware stack levels required when called:    1
 This function calls:
		Nothing
 This function is called by:
		Interrupt level 1
 This function uses a non-reentrant model


 *************** function _high_isr *****************
 Defined at:
		line 124 in file "homework6.c"
 Parameters:    Size  Location     Type
		None
 Auto vars:     Size  Location     Type
		None
 Return value:  Size  Location     Type
                  1    wreg      void 
 Registers used:
		wreg, status,2, status,0
 Tracked objects:
		On entry : 
		On exit  : 
		Unchanged: 
 Data sizes:     COMRAM   BANK0   BANK1   BANK2
      Params:         0       0       0       0
      Locals:         0       0       0       0
      Temps:          0       0       0       0
      Totals:         0       0       0       0
Total ram usage:        0 bytes
 Hardware stack levels used:    1
 This function calls:
		Nothing
 This function is called by:
		Interrupt level 2
 This function uses a non-reentrant model



MODULE INFORMATION

Module		Function		Class		Link	Load	Size
shared
		__initialization		CODE           	016E	0000	28

shared estimated size: 28

homework6.c
		_main          		CODE           	002E	0000	256
		_high_isr      		CODE           	0008	0000	70
		_low_isr       		CODE           	0018	0000	18

homework6.c estimated size: 344

